# BLOCKED_URL.lst
# Maintained by: GITD-INFRA
# Last updated: 2026-09-22 @ 12.18 PM
# Purpose: External Blocklist Feed
# ---------------------------------------------

# BLOCKED FQDN - REQUEST FROM SECURITY TEAM
completeyourcheck.com
photo-download-drive.info
hornbeamcairn.top
pergolamimosa.top
umbergalleon.top
poplarmemoir.top
cygnetrampart.top
olivenarthex.top
loggiaelm.top
indigocrest.top
samiseto.ru
encyclopedia83.samiseto.ru
relation46.samiseto.ru
amalsa.ru
ayrympo.ru
bromumo.ru
caccabius.ru
dedspac.ru
erinaceuso.ru
madzhidgo.ru
quyenzo.ru
ulitron.ru
nandayo.ru
interseqf.com
internetserchinkas.co
ytlcomms.my
stanleymalaysia.top
hornbeamcairn.top
pergolamimosa.top
umbergalleon.top
poplarmemoir.top
cygnetrampart.top
olivenarthex.top
loggiaelm.top
indigocrest.top
mkiaaaa.top
yxz-1469461062.cos.ap-singapore.myqcloud.com
f005.backblazeb2.com
facaib.s3.us-east-005.backblazeb2.com

# BLOCKED FQDN - Bad Reputation
perfdevhostfenc.com
upskittyan.com
